# B01 mock full demo from clean clone
utc_time=2026-07-27T13:26:51Z
cwd=/Users/yanbochao/week3_B01_mock_clean_clone_20260727212651
branch=week3_real_data
commit=f82ee15198966a1079b478902d53de594f14c634
tag_week2_commit=fe48df1c9b92279c3e10ccd560cf506372df99b7

## 1. Create virtualenv and install dependencies
Requirement already satisfied: pip in ./.venv/lib/python3.14/site-packages (26.1.1)
WARNING: Cache entry deserialization failed, entry ignored
Collecting pip
  Using cached pip-26.1.2-py3-none-any.whl.metadata (4.6 kB)
Using cached pip-26.1.2-py3-none-any.whl (1.8 MB)
Installing collected packages: pip
  Attempting uninstall: pip
    Found existing installation: pip 26.1.1
    Uninstalling pip-26.1.1:
      Successfully uninstalled pip-26.1.1
Successfully installed pip-26.1.2
WARNING: Cache entry deserialization failed, entry ignored
Collecting numpy>=1.24 (from -r requirements.txt (line 1))
  Using cached numpy-2.5.1-cp314-cp314-macosx_14_0_arm64.whl.metadata (6.6 kB)
Collecting PyYAML>=6.0 (from -r requirements.txt (line 2))
  Using cached pyyaml-6.0.3-cp314-cp314-macosx_11_0_arm64.whl.metadata (2.4 kB)
Collecting pytest>=8.0 (from -r requirements.txt (line 3))
  Using cached pytest-9.1.1-py3-none-any.whl.metadata (7.6 kB)
Collecting matplotlib>=3.7 (from -r requirements.txt (line 4))
  Using cached matplotlib-3.11.1-cp314-cp314-macosx_11_0_arm64.whl.metadata (80 kB)
Collecting iniconfig>=1.0.1 (from pytest>=8.0->-r requirements.txt (line 3))
  Using cached iniconfig-2.3.0-py3-none-any.whl.metadata (2.5 kB)
Collecting packaging>=22 (from pytest>=8.0->-r requirements.txt (line 3))
  Using cached packaging-26.2-py3-none-any.whl.metadata (3.5 kB)
Collecting pluggy<2,>=1.5 (from pytest>=8.0->-r requirements.txt (line 3))
  Using cached pluggy-1.6.0-py3-none-any.whl.metadata (4.8 kB)
Collecting pygments>=2.7.2 (from pytest>=8.0->-r requirements.txt (line 3))
  Using cached pygments-2.20.0-py3-none-any.whl.metadata (2.5 kB)
Collecting contourpy>=1.0.1 (from matplotlib>=3.7->-r requirements.txt (line 4))
  Using cached contourpy-1.3.3-cp314-cp314-macosx_11_0_arm64.whl.metadata (5.5 kB)
Collecting cycler>=0.10 (from matplotlib>=3.7->-r requirements.txt (line 4))
  Using cached cycler-0.12.1-py3-none-any.whl.metadata (3.8 kB)
Collecting fonttools>=4.28.2 (from matplotlib>=3.7->-r requirements.txt (line 4))
  Using cached fonttools-4.63.0-cp314-cp314-macosx_10_15_universal2.whl.metadata (118 kB)
Collecting kiwisolver>=1.3.1 (from matplotlib>=3.7->-r requirements.txt (line 4))
  Using cached kiwisolver-1.5.0-cp314-cp314-macosx_11_0_arm64.whl.metadata (5.1 kB)
Collecting pillow>=9 (from matplotlib>=3.7->-r requirements.txt (line 4))
  Using cached pillow-12.3.0-cp314-cp314-macosx_11_0_arm64.whl.metadata (9.1 kB)
Collecting pyparsing>=3 (from matplotlib>=3.7->-r requirements.txt (line 4))
  Using cached pyparsing-3.3.2-py3-none-any.whl.metadata (5.8 kB)
Collecting python-dateutil>=2.7 (from matplotlib>=3.7->-r requirements.txt (line 4))
  Using cached python_dateutil-2.9.0.post0-py2.py3-none-any.whl.metadata (8.4 kB)
Collecting six>=1.5 (from python-dateutil>=2.7->matplotlib>=3.7->-r requirements.txt (line 4))
  Using cached six-1.17.0-py2.py3-none-any.whl.metadata (1.7 kB)
Using cached numpy-2.5.1-cp314-cp314-macosx_14_0_arm64.whl (5.3 MB)
Using cached pyyaml-6.0.3-cp314-cp314-macosx_11_0_arm64.whl (173 kB)
Using cached pytest-9.1.1-py3-none-any.whl (386 kB)
Using cached pluggy-1.6.0-py3-none-any.whl (20 kB)
Using cached matplotlib-3.11.1-cp314-cp314-macosx_11_0_arm64.whl (9.3 MB)
Using cached contourpy-1.3.3-cp314-cp314-macosx_11_0_arm64.whl (273 kB)
Using cached cycler-0.12.1-py3-none-any.whl (8.3 kB)
Using cached fonttools-4.63.0-cp314-cp314-macosx_10_15_universal2.whl (2.9 MB)
Using cached iniconfig-2.3.0-py3-none-any.whl (7.5 kB)
Using cached kiwisolver-1.5.0-cp314-cp314-macosx_11_0_arm64.whl (64 kB)
Using cached packaging-26.2-py3-none-any.whl (100 kB)
Using cached pillow-12.3.0-cp314-cp314-macosx_11_0_arm64.whl (4.8 MB)
Using cached pygments-2.20.0-py3-none-any.whl (1.2 MB)
Using cached pyparsing-3.3.2-py3-none-any.whl (122 kB)
Using cached python_dateutil-2.9.0.post0-py2.py3-none-any.whl (229 kB)
Using cached six-1.17.0-py2.py3-none-any.whl (11 kB)
Installing collected packages: six, PyYAML, pyparsing, pygments, pluggy, pillow, packaging, numpy, kiwisolver, iniconfig, fonttools, cycler, python-dateutil, pytest, contourpy, matplotlib

Successfully installed PyYAML-6.0.3 contourpy-1.3.3 cycler-0.12.1 fonttools-4.63.0 iniconfig-2.3.0 kiwisolver-1.5.0 matplotlib-3.11.1 numpy-2.5.1 packaging-26.2 pillow-12.3.0 pluggy-1.6.0 pygments-2.20.0 pyparsing-3.3.2 pytest-9.1.1 python-dateutil-2.9.0.post0 six-1.17.0

## 2. Generate actuation schedule
generated actuation schedule: mode=pulse_singlejet, jets=24, output=runs/B01_mock_full_demo/input

## 3. Generate jet check table
jet_check_table: runs/B01_mock_full_demo/input/jet_check_table.csv
jet_check_rows: 24
jet_check_failures: 0

## 4. Run mock from generated schedule
mock output: runs/B01_mock_full_demo
timeseries: runs/B01_mock_full_demo/timeseries.csv
quality_report: runs/B01_mock_full_demo/quality_report.json
run_success_flag: True

## 5. Re-run data quality check
quality_report: runs/B01_mock_full_demo/quality_report.json
quality_report_errors=0
quality_report_warnings=2
run_success_flag=True

## 6. Verify generated outputs and provenance
exists=runs/B01_mock_full_demo/input/actuation_schedule.csv:True
exists=runs/B01_mock_full_demo/input/jet_check_table.csv:True
exists=runs/B01_mock_full_demo/timeseries.csv:True
exists=runs/B01_mock_full_demo/case_manifest.yaml:True
exists=runs/B01_mock_full_demo/quality_report.json:True
exists=runs/B01_mock_full_demo/mock_dynamic24x6_summary.json:True
schedule_git_commit=f82ee15198966a1079b478902d53de594f14c634
case_manifest_git_commit=f82ee15198966a1079b478902d53de594f14c634
quality_report_run_success_flag=True

## 7. Run pytest
........................................................................ [ 81%]
................                                                         [100%]
88 passed in 10.13s
